Router>en
Router#config t
Enter configuration commands, one per line.  End with CNTL/Z.
Router(config)#int fa0/0
Router(config-if)#ip add 10.0.0.1 255.0.0.0
Router(config-if)#no shut

Router(config-if)#
%LINK-5-CHANGED: Interface FastEthernet0/0, changed state to up

%LINEPROTO-5-UPDOWN: Line protocol on Interface FastEthernet0/0, changed state to up

Router(config-if)#ex
Router(config)#int se0/0/0
Router(config-if)#ip add 20.0.0.1 255.0.0.0
Router(config-if)#ip add 20.0.0.1 255.0.0.0
Router(config-if)#no shut

%LINK-5-CHANGED: Interface Serial0/0/0, changed state to down
Router(config-if)#
Router(config-if)#ex
Router(config)#
%LINK-5-CHANGED: Interface Serial0/0/0, changed state to up

%LINEPROTO-5-UPDOWN: Line protocol on Interface Serial0/0/0, changed state to up

Router(config)#ip route 0.0.0.0 0.0.0.0 20.0.0.2
Router(config)#ex
Router#
%SYS-5-CONFIG_I: Configured from console by console

Router#config t
Enter configuration commands, one per line.  End with CNTL/Z.
Router(config)#
Router(config)#crypto isakmp policy 9
Router(config-isakmp)#hash md5
Router(config-isakmp)#authentication pre-share
Router(config-isakmp)#crypto isakmp key push add 50.0.0.2
Router(config)#crypto ipsec security-association lifetime seconds 86400
Router(config)#access-list 101 permit ip 10.0.0.0 0.255.255.255 192.168.1.0 0.0.0.255
Router(config)#crypto ipsec transfrom-set livewire esp-3des esp-md5-hmac
                                  ^
% Invalid input detected at '^' marker.
	
Router(config)#crypto ipsec transform-set livewire esp-3des esp-md5-hmac
Router(config)#crypto map one 10 ipsec-isakmp
% NOTE: This new crypto map will remain disabled until a peer
        and a valid access list have been configured.
Router(config-crypto-map)#set peer 50.0.0.2
Router(config-crypto-map)#set transfrom-set livewire
                                    ^
% Invalid input detected at '^' marker.
	
Router(config-crypto-map)#set transform-set livewire
Router(config-crypto-map)#match add 101
Router(config-crypto-map)#ex
Router(config)#int se0/0/0
Router(config-if)#crypto map one
*Jan  3 07:16:26.785: %CRYPTO-6-ISAKMP_ON_OFF: ISAKMP is ON
Router(config-if)#ex
Router(config)#ex
Router#
%SYS-5-CONFIG_I: Configured from console by console